// Jest Snapshot v1, https://goo.gl/fbAQLP

exports[`SubmitButton renders correctly 1`] = `
<button
  className="button loading"
  type="submit"
>
  Fb
</button>
`;
