// Jest Snapshot v1, https://goo.gl/fbAQLP

exports[`VideoEmbed renders correctly 1`] = `null`;
